[backblue.gif]
[fade.gif]
[index.html]
[craftedpixels.net/demo-html/kindergarten-template/favicon.ico]
[craftedpixels.net/demo-html/kindergarten-template/js/modernizr.js]
[craftedpixels.net/demo-html/kindergarten-template/js/respond.js]
[craftedpixels.net/demo-html/kindergarten-template/images/logo.png]
[craftedpixels.net/demo-html/kindergarten-template/images/wowslider/01.png]
[craftedpixels.net/demo-html/kindergarten-template/images/wowslider/02.png]
[craftedpixels.net/demo-html/kindergarten-template/images/wowslider/03.png]
[craftedpixels.net/demo-html/kindergarten-template/images/placeholders/orange-mid.png]
[craftedpixels.net/demo-html/kindergarten-template/images/placeholders/yellow-mid.png]
[craftedpixels.net/demo-html/kindergarten-template/js/jquery-1.10.1.min.js]
[craftedpixels.net/demo-html/kindergarten-template/js/bootstrap.min.js]
[craftedpixels.net/demo-html/kindergarten-template/js/custom.js]
[craftedpixels.net/demo-html/kindergarten-template/js/wowslider.js]
[craftedpixels.net/demo-html/kindergarten-template/js/wowtransition.js]
[craftedpixels.net/demo-html/kindergarten-template/js/jquery.prettyPhoto.js]
[www.google-analytics.com/analytics.js]
[craftedpixels.net/demo-html/kindergarten-template/index.html]
[craftedpixels.net/demo-html/kindergarten-template/fonts/glyphicons-halflings-regular.eot]
[craftedpixels.net/demo-html/kindergarten-template/fonts/glyphicons-halflings-regular.woff]
[craftedpixels.net/demo-html/kindergarten-template/fonts/glyphicons-halflings-regulard41d.eot]
[craftedpixels.net/demo-html/kindergarten-template/fonts/glyphicons-halflings-regular.ttf]
[craftedpixels.net/demo-html/kindergarten-template/css/bootstrap.min.css]
[craftedpixels.net/demo-html/kindergarten-template/fonts/solomon_normal-webfont.eot]
[craftedpixels.net/demo-html/kindergarten-template/fonts/solomon_normal-webfont.woff]
[craftedpixels.net/demo-html/kindergarten-template/fonts/solomon_normal-webfontd41d.eot]
[craftedpixels.net/demo-html/kindergarten-template/fonts/solomon_normal-webfont.ttf]
[craftedpixels.net/demo-html/kindergarten-template/fonts/dimbo_regular-webfont.eot]
[craftedpixels.net/demo-html/kindergarten-template/fonts/dimbo_regular-webfont.woff2]
[craftedpixels.net/demo-html/kindergarten-template/fonts/dimbo_regular-webfont.woff]
[craftedpixels.net/demo-html/kindergarten-template/fonts/dimbo_regular-webfontd41d.eot]
[craftedpixels.net/demo-html/kindergarten-template/fonts/dimbo_regular-webfont.ttf]
[craftedpixels.net/demo-html/kindergarten-template/images/linedpaper.png]
[craftedpixels.net/demo-html/kindergarten-template/images/wrapper.png]
[craftedpixels.net/demo-html/kindergarten-template/images/bg-logo.png]
[craftedpixels.net/demo-html/kindergarten-template/images/sun.png]
[craftedpixels.net/demo-html/kindergarten-template/images/prettyPhoto/default/sprite.png]
[craftedpixels.net/demo-html/kindergarten-template/images/prettyPhoto/default/sprite_x.png]
[craftedpixels.net/demo-html/kindergarten-template/images/prettyPhoto/default/sprite_y.png]
[craftedpixels.net/demo-html/kindergarten-template/images/prettyPhoto/default/sprite_next.png]
[craftedpixels.net/demo-html/kindergarten-template/images/prettyPhoto/default/sprite_prev.png]
[craftedpixels.net/demo-html/kindergarten-template/images/prettyPhoto/default/default_thumb.png]
[craftedpixels.net/demo-html/kindergarten-template/images/prettyPhoto/default/loader.gif]
[craftedpixels.net/demo-html/kindergarten-template/images/prettyPhoto/facebook/sprite.png]
[craftedpixels.net/demo-html/kindergarten-template/images/prettyPhoto/facebook/contentPatternTop.png]
[craftedpixels.net/demo-html/kindergarten-template/images/prettyPhoto/facebook/contentPatternLeft.png]
[craftedpixels.net/demo-html/kindergarten-template/images/prettyPhoto/facebook/contentPatternRight.png]
[craftedpixels.net/demo-html/kindergarten-template/images/prettyPhoto/facebook/loader.gif]
[craftedpixels.net/demo-html/kindergarten-template/images/prettyPhoto/facebook/btnNext.png]
[craftedpixels.net/demo-html/kindergarten-template/images/prettyPhoto/facebook/btnPrevious.png]
[craftedpixels.net/demo-html/kindergarten-template/images/prettyPhoto/facebook/contentPatternBottom.png]
[craftedpixels.net/demo-html/kindergarten-template/images/prettyPhoto/facebook/default_thumbnail.gif]
[craftedpixels.net/demo-html/kindergarten-template/images/prettyPhoto/light_rounded/btnNext.png]
[craftedpixels.net/demo-html/kindergarten-template/images/slider.png]
[craftedpixels.net/demo-html/kindergarten-template/images/wowslider/arrows.png]
[craftedpixels.net/demo-html/kindergarten-template/images/ladybug.png]
[craftedpixels.net/demo-html/kindergarten-template/images/butterfly.png]
[craftedpixels.net/demo-html/kindergarten-template/images/cloud.png]
[craftedpixels.net/demo-html/kindergarten-template/images/flower.png]
[craftedpixels.net/demo-html/kindergarten-template/images/linedpaper2x.png]
[craftedpixels.net/demo-html/kindergarten-template/images/wrapper2x.png]
[craftedpixels.net/demo-html/kindergarten-template/images/bg-logo2x.png]
[craftedpixels.net/demo-html/kindergarten-template/images/sun2x.png]
[craftedpixels.net/demo-html/kindergarten-template/images/ladybug2x.png]
[craftedpixels.net/demo-html/kindergarten-template/images/butterfly2x.png]
[craftedpixels.net/demo-html/kindergarten-template/images/cloud2x.png]
[craftedpixels.net/demo-html/kindergarten-template/images/slider2x.png]
[craftedpixels.net/demo-html/kindergarten-template/images/flower2x.png]
[craftedpixels.net/demo-html/kindergarten-template/css/style.css]
[craftedpixels.net/demo-html/kindergarten-template/fonts/fontawesome-webfontf77b.eot]
[craftedpixels.net/demo-html/kindergarten-template/fonts/fontawesome-webfontd41d.eot]
[craftedpixels.net/demo-html/kindergarten-template/fonts/fontawesome-webfontf77b.woff]
[craftedpixels.net/demo-html/kindergarten-template/fonts/fontawesome-webfontf77b.ttf]
[craftedpixels.net/demo-html/kindergarten-template/css/font-awesome.css]
[craftedpixels.net/demo-html/kindergarten-template/images/placeholders/green.png]
[craftedpixels.net/demo-html/kindergarten-template/images/placeholders/yellow.png]
[craftedpixels.net/demo-html/kindergarten-template/images/placeholders/orange.png]
[craftedpixels.net/demo-html/kindergarten-template/images/placeholders/blue.png]
[craftedpixels.net/demo-html/kindergarten-template/about.html]
[craftedpixels.net/demo-html/kindergarten-template/images/placeholders/green-big.png]
[craftedpixels.net/demo-html/kindergarten-template/images/placeholders/yellow-big.png]
[craftedpixels.net/demo-html/kindergarten-template/images/placeholders/orange-big.png]
[craftedpixels.net/demo-html/kindergarten-template/images/placeholders/blue-big.png]
[craftedpixels.net/demo-html/kindergarten-template/gallery.html]
[craftedpixels.net/demo-html/kindergarten-template/images/placeholders/green-mid.png]
[craftedpixels.net/demo-html/kindergarten-template/images/placeholders/blue-mid.png]
[craftedpixels.net/demo-html/kindergarten-template/blog.html]
[craftedpixels.net/demo-html/kindergarten-template/js/gmaps.js]
[craftedpixels.net/demo-html/kindergarten-template/contact.html]
[craftedpixels.net/demo-html/kindergarten-template/fonts/glyphicons-halflings-regular.svg]
[craftedpixels.net/demo-html/kindergarten-template/css/bootstrap.css]
[craftedpixels.net/demo-html/kindergarten-template/fonts/solomon_normal-webfont.svg]
[craftedpixels.net/demo-html/kindergarten-template/fonts/dimbo_regular-webfont.svg]
[craftedpixels.net/demo-html/kindergarten-template/fonts/fontawesome-webfont.svg]
[craftedpixels.net/demo-html/kindergarten-template/blog-post.html]
